层数：1
old_layer:0
层数：1
返回内容:e947370b-034f-4075-a0af-4cc668292397 
层数：1
返回内容:e947370b-034f-4075-a0af-4cc668292397 
层数：1
返回内容:e947370b-034f-4075-a0af-4cc668292397 
层数：1
返回内容:e947370b-034f-4075-a0af-4cc668292397 
层数：1
返回内容:e947370b-034f-4075-a0af-4cc668292397 
层数：1
返回内容:e947370b-034f-4075-a0af-4cc668292397 
old_layer:0
开始匹配操作，文件路径: C:\temp_translated\translation.json
C:\temp_translated\boxes.json
数据加载结束。
层数：1
返回内容:54d9aca7-246b-4dc4-8ce1-6a349b2ce2ae 
层数：1
返回内容:54d9aca7-246b-4dc4-8ce1-6a349b2ce2ae 
层数：1
返回内容:54d9aca7-246b-4dc4-8ce1-6a349b2ce2ae 
层数：1
返回内容:54d9aca7-246b-4dc4-8ce1-6a349b2ce2ae 
层数：1
返回内容:54d9aca7-246b-4dc4-8ce1-6a349b2ce2ae 
层数：1
